<html>
<body>
<pre>
<h1>礦ision Build Log</h1>
<h2>Tool Versions:</h2>
IDE-Version: μVision V5.18.0.0
Copyright (C) 2016 ARM Ltd and ARM Germany GmbH. All rights reserved.
License Information: Never 1006015863@qq.com, 12, LIC=BL2Z9-4BNZD-AU54J-UZGGH-GD9AS-BYKYI
 
Tool Versions:
Toolchain:       MDK-ARM Professional  Version: 5.18
Toolchain Path:  D:\Workingpaper\Keil MDK\ARM\ARMCC\Bin
C Compiler:      Armcc.exe V5.06 update 1 (build 61)
Assembler:       Armasm.exe V5.06 update 1 (build 61)
Linker/Locator:  ArmLink.exe V5.06 update 1 (build 61)
Library Manager: ArmAr.exe V5.06 update 1 (build 61)
Hex Converter:   FromElf.exe V5.06 update 1 (build 61)
CPU DLL:         SARMCM3.DLL V5.18
Dialog DLL:      DCM.DLL V1.13.6.0
Target DLL:      CMSIS_AGDI.dll V1.25.7.0
Dialog DLL:      TCM.DLL V1.14.8.0
 
<h2>Project:</h2>
F:\嵌入式\超子物聯網\bootloader\bootloader_0\Project\Fire_F103ZE.uvprojx
Project File Date:  10/20/2021

<h2>Output:</h2>
*** Using Compiler 'V5.06 update 1 (build 61)', folder: 'D:\Workingpaper\Keil MDK\ARM\ARMCC\Bin'
Build target '串口'
compiling bsp_debug_usart.c...
linking...
Program Size: Code=4736 RO-data=360 RW-data=20 ZI-data=1140  
FromELF: creating hex file...
After Build - User command #1: D:\Workingpaper\Keil MDK\\ARM\ARMCC\bin\fromelf.exe --bin --output=..\Output\bootloader_0.bin ..\Output\bootloader_0.axf
"..\Output\bootloader_0.axf" - 0 Error(s), 0 Warning(s).

<h2>Collection of Component include folders:</h2>
  F:\嵌入式\超子物聯網\bootloader\bootloader_0\Project\RTE
  D:\Workingpaper\Keil MDK\ARM\PACK\Keil\STM32F1xx_DFP\2.1.0\Device\Include

<h2>Collection of Component Files used:</h2>
Build Time Elapsed:  00:00:02
</pre>
</body>
</html>
